------------------------------------------------------------
Timing Analyzer Summary
------------------------------------------------------------

Type  : Slow 1200mV 85C Model Setup 'CLOCK_50'
Slack : -4.150
TNS   : -91.076

Type  : Slow 1200mV 85C Model Setup 'ClkDividerN:divisor|clkOut'
Slack : 0.100
TNS   : 0.000

Type  : Slow 1200mV 85C Model Hold 'ClkDividerN:divisor|clkOut'
Slack : 0.432
TNS   : 0.000

Type  : Slow 1200mV 85C Model Hold 'CLOCK_50'
Slack : 0.640
TNS   : 0.000

Type  : Slow 1200mV 85C Model Minimum Pulse Width 'CLOCK_50'
Slack : -3.000
TNS   : -40.265

Type  : Slow 1200mV 85C Model Minimum Pulse Width 'ClkDividerN:divisor|clkOut'
Slack : -1.285
TNS   : -3.855

Type  : Slow 1200mV 0C Model Setup 'CLOCK_50'
Slack : -3.776
TNS   : -81.266

Type  : Slow 1200mV 0C Model Setup 'ClkDividerN:divisor|clkOut'
Slack : 0.183
TNS   : 0.000

Type  : Slow 1200mV 0C Model Hold 'ClkDividerN:divisor|clkOut'
Slack : 0.398
TNS   : 0.000

Type  : Slow 1200mV 0C Model Hold 'CLOCK_50'
Slack : 0.586
TNS   : 0.000

Type  : Slow 1200mV 0C Model Minimum Pulse Width 'CLOCK_50'
Slack : -3.000
TNS   : -40.265

Type  : Slow 1200mV 0C Model Minimum Pulse Width 'ClkDividerN:divisor|clkOut'
Slack : -1.285
TNS   : -3.855

Type  : Fast 1200mV 0C Model Setup 'CLOCK_50'
Slack : -1.553
TNS   : -28.293

Type  : Fast 1200mV 0C Model Setup 'ClkDividerN:divisor|clkOut'
Slack : 0.567
TNS   : 0.000

Type  : Fast 1200mV 0C Model Hold 'ClkDividerN:divisor|clkOut'
Slack : 0.191
TNS   : 0.000

Type  : Fast 1200mV 0C Model Hold 'CLOCK_50'
Slack : 0.291
TNS   : 0.000

Type  : Fast 1200mV 0C Model Minimum Pulse Width 'CLOCK_50'
Slack : -3.000
TNS   : -33.770

Type  : Fast 1200mV 0C Model Minimum Pulse Width 'ClkDividerN:divisor|clkOut'
Slack : -1.000
TNS   : -3.000

------------------------------------------------------------
